// Jest Snapshot v1, https://goo.gl/fbAQLP

exports[`PersonsList component renders correctly 1`] = `
"<Provider store={{...}}>
  <PersonsList>
    <main>
      <WithStyles(ForwardRef(List))>
        <ForwardRef(List) classes={{...}}>
          <ul className=\\"MuiList-root MuiList-padding\\">
            <span>
              Loading...
            </span>
          </ul>
        </ForwardRef(List)>
      </WithStyles(ForwardRef(List))>
    </main>
  </PersonsList>
</Provider>"
`;
